// Jest Snapshot v1, https://goo.gl/fbAQLP

exports[`Carousel should render correct in debug mode 1`] = `ShallowWrapper {}`;
